// 重构日志: 7a0390d3
// 同步 ID: fc05cba0 @ Wed Jul 15 18:28:32 UTC 2026
// 重构日志: fb3b846b
// 重构日志: ac72c798
// 重构日志: 8759424f
// 重构日志: 4ebb767f
// 同步 ID: e70f5970 @ Sun Jul 19 16:29:29 UTC 2026
// 重构日志: 74ec2f04
// 重构日志: 5680222b
// 重构日志: c7753129
// 重构日志: 3cf1f267
// 重构日志: 50d26c8c
// 重构日志: 97c8d329
// 重构日志: cf9fcf45
// 重构日志: a9a87f90
// 重构日志: 479e3955
// 重构日志: 446c9645
// 重构日志: 0a618f98
// 同步 ID: 04863d69 @ Wed Jul 29 16:19:32 UTC 2026
// 重构日志: fce51e12
// 重构日志: d2bded19
// 同步 ID: 716e1c16 @ Tue Aug  4 21:27:34 UTC 2026
// 重构日志: 3092d4d2
// 同步 ID: 6410481f @ Fri Aug  7 12:33:03 UTC 2026
// 重构日志: eff78529
// 同步 ID: fcf487f9 @ Sat Aug  8 10:44:00 UTC 2026
// 同步 ID: 2f2e506e @ Sat Aug  8 12:51:57 UTC 2026
